┏━━━━━━━━━━━━━━━━━━━━━━┳━━━━━━━━━━┳━━━━━━━━━━┳━━━━━━━━━━┳━━━━━━━━━━┳━━━━━━━━━━━┳━━━━━━━━━━┳━━━━━━━━━━━┳━━━━━━━━━━┳━━━━━━━━━━━┳━━━━━━━━━━┳━━━━━━━━━━━┳━━━━━━━━━━┓
┃                      ┃ Hold     ┃ Reg to   ┃          ┃          ┃ of which  ┃ Setup    ┃           ┃          ┃           ┃ of which ┃           ┃          ┃
┃                      ┃ Worst    ┃ Reg      ┃          ┃ Hold Vio ┃ reg to    ┃ Worst    ┃ Reg to    ┃ Setup    ┃ Setup Vio ┃ reg to   ┃ Max Cap   ┃ Max Slew ┃
┃ Corner/Group         ┃ Slack    ┃ Paths    ┃ Hold TNS ┃ Count    ┃ reg       ┃ Slack    ┃ Reg Paths ┃ TNS      ┃ Count     ┃ reg      ┃ Violatio… ┃ Violati… ┃
┡━━━━━━━━━━━━━━━━━━━━━━╇━━━━━━━━━━╇━━━━━━━━━━╇━━━━━━━━━━╇━━━━━━━━━━╇━━━━━━━━━━━╇━━━━━━━━━━╇━━━━━━━━━━━╇━━━━━━━━━━╇━━━━━━━━━━━╇━━━━━━━━━━╇━━━━━━━━━━━╇━━━━━━━━━━┩
│ Overall              │ 0.3908   │ 0.3908   │ 0.0000   │ 0        │ 0         │ 0.9665   │ 0.9665    │ 0.0000   │ 0         │ 0        │ 1         │ 8        │
│ nom_tt_025C_1v80     │ 0.5795   │ 0.5795   │ 0.0000   │ 0        │ 0         │ 1.6189   │ 1.6189    │ 0.0000   │ 0         │ 0        │ 0         │ 0        │
│ nom_ss_100C_1v60     │ 1.0998   │ 1.0998   │ 0.0000   │ 0        │ 0         │ 0.9725   │ 0.9725    │ 0.0000   │ 0         │ 0        │ 1         │ 8        │
│ nom_ff_n40C_1v95     │ 0.3966   │ 0.3966   │ 0.0000   │ 0        │ 0         │ 1.8423   │ 1.8423    │ 0.0000   │ 0         │ 0        │ 0         │ 0        │
│ min_tt_025C_1v80     │ 0.5716   │ 0.5716   │ 0.0000   │ 0        │ 0         │ 1.6241   │ 1.6241    │ 0.0000   │ 0         │ 0        │ 0         │ 0        │
│ min_ss_100C_1v60     │ 1.0857   │ 1.0857   │ 0.0000   │ 0        │ 0         │ 0.9806   │ 0.9806    │ 0.0000   │ 0         │ 0        │ 1         │ 8        │
│ min_ff_n40C_1v95     │ 0.3908   │ 0.3908   │ 0.0000   │ 0        │ 0         │ 1.8456   │ 1.8456    │ 0.0000   │ 0         │ 0        │ 0         │ 0        │
│ max_tt_025C_1v80     │ 0.5871   │ 0.5871   │ 0.0000   │ 0        │ 0         │ 1.6144   │ 1.6144    │ 0.0000   │ 0         │ 0        │ 0         │ 0        │
│ max_ss_100C_1v60     │ 1.1163   │ 1.1163   │ 0.0000   │ 0        │ 0         │ 0.9665   │ 0.9665    │ 0.0000   │ 0         │ 0        │ 1         │ 8        │
│ max_ff_n40C_1v95     │ 0.4040   │ 0.4040   │ 0.0000   │ 0        │ 0         │ 1.8392   │ 1.8392    │ 0.0000   │ 0         │ 0        │ 0         │ 0        │
└──────────────────────┴──────────┴──────────┴──────────┴──────────┴───────────┴──────────┴───────────┴──────────┴───────────┴──────────┴───────────┴──────────┘
