┏━━━━━━━━━━━━━━━━━━━━━━┳━━━━━━━━━━┳━━━━━━━━━━┳━━━━━━━━━━┳━━━━━━━━━━┳━━━━━━━━━━━┳━━━━━━━━━━┳━━━━━━━━━━━┳━━━━━━━━━━┳━━━━━━━━━━━┳━━━━━━━━━━┳━━━━━━━━━━━┳━━━━━━━━━━┓
┃                      ┃ Hold     ┃ Reg to   ┃          ┃          ┃ of which  ┃ Setup    ┃           ┃          ┃           ┃ of which ┃           ┃          ┃
┃                      ┃ Worst    ┃ Reg      ┃          ┃ Hold Vio ┃ reg to    ┃ Worst    ┃ Reg to    ┃ Setup    ┃ Setup Vio ┃ reg to   ┃ Max Cap   ┃ Max Slew ┃
┃ Corner/Group         ┃ Slack    ┃ Paths    ┃ Hold TNS ┃ Count    ┃ reg       ┃ Slack    ┃ Reg Paths ┃ TNS      ┃ Count     ┃ reg      ┃ Violatio… ┃ Violati… ┃
┡━━━━━━━━━━━━━━━━━━━━━━╇━━━━━━━━━━╇━━━━━━━━━━╇━━━━━━━━━━╇━━━━━━━━━━╇━━━━━━━━━━━╇━━━━━━━━━━╇━━━━━━━━━━━╇━━━━━━━━━━╇━━━━━━━━━━━╇━━━━━━━━━━╇━━━━━━━━━━━╇━━━━━━━━━━┩
│ Overall              │ 0.2481   │ 0.2481   │ 0.0000   │ 0        │ 0         │ 1.6947   │ N/A       │ 0.0000   │ 0         │ 0        │ 1         │ 3        │
│ nom_tt_025C_1v80     │ 0.4467   │ 0.4467   │ 0.0000   │ 0        │ 0         │ 6.4016   │ N/A       │ 0.0000   │ 0         │ 0        │ 0         │ 0        │
│ nom_ss_100C_1v60     │ 0.7830   │ 0.9908   │ 0.0000   │ 0        │ 0         │ 1.8373   │ N/A       │ 0.0000   │ 0         │ 0        │ 1         │ 3        │
│ nom_ff_n40C_1v95     │ 0.2515   │ 0.2515   │ 0.0000   │ 0        │ 0         │ 8.5871   │ N/A       │ 0.0000   │ 0         │ 0        │ 0         │ 0        │
│ min_tt_025C_1v80     │ 0.4413   │ 0.4413   │ 0.0000   │ 0        │ 0         │ 6.5347   │ N/A       │ 0.0000   │ 0         │ 0        │ 0         │ 0        │
│ min_ss_100C_1v60     │ 0.9163   │ 0.9807   │ 0.0000   │ 0        │ 0         │ 2.0712   │ N/A       │ 0.0000   │ 0         │ 0        │ 1         │ 0        │
│ min_ff_n40C_1v95     │ 0.2481   │ 0.2481   │ 0.0000   │ 0        │ 0         │ 8.6775   │ N/A       │ 0.0000   │ 0         │ 0        │ 0         │ 0        │
│ max_tt_025C_1v80     │ 0.4520   │ 0.4520   │ 0.0000   │ 0        │ 0         │ 6.3154   │ N/A       │ 0.0000   │ 0         │ 0        │ 0         │ 0        │
│ max_ss_100C_1v60     │ 0.7030   │ 1.0002   │ 0.0000   │ 0        │ 0         │ 1.6947   │ N/A       │ 0.0000   │ 0         │ 0        │ 1         │ 3        │
│ max_ff_n40C_1v95     │ 0.2547   │ 0.2547   │ 0.0000   │ 0        │ 0         │ 8.5253   │ N/A       │ 0.0000   │ 0         │ 0        │ 0         │ 0        │
└──────────────────────┴──────────┴──────────┴──────────┴──────────┴───────────┴──────────┴───────────┴──────────┴───────────┴──────────┴───────────┴──────────┘
